../Core/Src/main.c:128:5:_write	24	static
../Core/Src/main.c:139:5:main	8	static
../Core/Src/main.c:207:6:SystemClock_Config	96	static
../Core/Src/main.c:257:6:HAL_GPIO_EXTI_Callback	16	static
../Core/Src/main.c:294:6:StartButtonTask	16	static
../Core/Src/main.c:386:6:StartGameLogicTask	16	static
../Core/Src/main.c:440:5:read_ldr_from_bus	32	static
../Core/Src/main.c:464:6:StartLaserTask	32	static
../Core/Src/main.c:528:6:StartBuzzerTask	32	static
../Core/Src/main.c:588:6:StartDynamicLaserTask	16	static
../Core/Src/main.c:609:6:Error_Handler	4	static,ignoring_inline_asm
